// Jest Snapshot v1, https://goo.gl/fbAQLP

exports[`App matches the snapshot 1`] = `
<div
  className="load"
>
  <img
    className="load-image"
    src="2048.svg"
  />
</div>
`;
